2025-10-20T14:43:14: ROOT_DIR: C:\dashboards\simex
2025-10-20T14:43:14: DATASET_DIR: C:\dashboards\simex\dataset
2025-10-20T14:43:14: SAD_DIR: C:\dashboards\simex\dataset\simex
2025-10-20T14:43:14: ✅ Server em http://localhost:3002
2025-10-20T14:43:14: 🛡️ CSP (Enforcing) ativo
2025-10-20T17:26:29: ROOT_DIR: C:\dashboards\simex
2025-10-20T17:26:29: DATASET_DIR: C:\dashboards\simex\dataset
2025-10-20T17:26:29: SAD_DIR: C:\dashboards\simex\dataset\simex
2025-10-20T17:26:29: ✅ Server em http://localhost:3002
2025-10-20T17:26:29: 🛡️ CSP (Enforcing) ativo
2025-10-21T03:38:27: ROOT_DIR: C:\dashboards\simex
2025-10-21T03:38:27: DATASET_DIR: C:\dashboards\simex\dataset
2025-10-21T03:38:27: SAD_DIR: C:\dashboards\simex\dataset\simex
2025-10-21T03:38:27: ✅ Server em http://localhost:3002
2025-10-21T03:38:27: 🛡️ CSP (Enforcing) ativo
2025-10-21T10:01:32: ROOT_DIR: C:\dashboards\simex
2025-10-21T10:01:32: DATASET_DIR: C:\dashboards\simex\dataset
2025-10-21T10:01:32: SAD_DIR: C:\dashboards\simex\dataset\simex
2025-10-21T10:01:32: ✅ Server em http://localhost:3002
2025-10-21T10:01:32: 🛡️ CSP (Enforcing) ativo
2025-11-10T03:56:00: ROOT_DIR: C:\dashboards\simex
2025-11-10T03:56:00: DATASET_DIR: C:\dashboards\simex\dataset
2025-11-10T03:56:00: SAD_DIR: C:\dashboards\simex\dataset\simex
2025-11-10T03:56:00: ✅ Server em http://localhost:3002
2025-11-10T03:56:00: 🛡️ CSP (Enforcing) ativo
