2025-10-17T20:37:07: ROOT_DIR: C:\dashboards\simex
2025-10-17T20:37:07: DATASET_DIR: C:\dashboards\simex\dataset
2025-10-17T20:37:07: SAD_DIR: C:\dashboards\simex\dataset\sad
2025-10-17T20:37:07: ✅ Server em http://localhost:3002
2025-10-17T20:37:07: 🛡️ CSP (Enforcing) ativo
2025-10-22T01:13:11: ROOT_DIR: C:\dashboards\simex
2025-10-22T01:13:11: DATASET_DIR: C:\dashboards\simex\dataset
2025-10-22T01:13:11: SAD_DIR: C:\dashboards\simex\dataset\simex
2025-10-22T01:13:11: ✅ Server em http://localhost:3002
2025-10-22T01:13:11: 🛡️ CSP (Enforcing) ativo
2025-11-03T22:45:16: ROOT_DIR: C:\dashboards\simex
2025-11-03T22:45:16: DATASET_DIR: C:\dashboards\simex\dataset
2025-11-03T22:45:16: SAD_DIR: C:\dashboards\simex\dataset\simex
2025-11-03T22:45:16: ✅ Server em http://localhost:3002
2025-11-03T22:45:16: 🛡️ CSP (Enforcing) ativo
2025-11-04T02:48:03: ROOT_DIR: C:\dashboards\simex
2025-11-04T02:48:03: DATASET_DIR: C:\dashboards\simex\dataset
2025-11-04T02:48:03: SAD_DIR: C:\dashboards\simex\dataset\simex
2025-11-04T02:48:03: ✅ Server em http://localhost:3002
2025-11-04T02:48:03: 🛡️ CSP (Enforcing) ativo
2026-03-16T19:24:29: ROOT_DIR: C:\dashboards\simex
2026-03-16T19:24:29: DATASET_DIR: C:\dashboards\simex\dataset
2026-03-16T19:24:29: SAD_DIR: C:\dashboards\simex\dataset\simex
2026-03-16T19:24:29: ✅ Server em http://localhost:3002
2026-03-16T19:24:29: 🛡️ CSP (Enforcing) ativo
2026-04-01T21:56:55: ROOT_DIR: C:\dashboards\simex
2026-04-01T21:56:55: DATASET_DIR: C:\dashboards\simex\dataset
2026-04-01T21:56:55: SAD_DIR: C:\dashboards\simex\dataset\simex
2026-04-01T21:56:55: ✅ Server em http://localhost:3002
2026-04-01T21:56:55: 🛡️ CSP (Enforcing) ativo
2026-04-01T22:05:27: ROOT_DIR: C:\dashboards\simex
2026-04-01T22:05:27: DATASET_DIR: C:\dashboards\simex\dataset
2026-04-01T22:05:27: SAD_DIR: C:\dashboards\simex\dataset\simex
2026-04-01T22:05:27: ✅ Server em http://localhost:3002
2026-04-01T22:05:27: 🛡️ CSP (Enforcing) ativo
